
Circuit 1 cell sg13_lv_nmos and Circuit 2 cell sg13_lv_nmos are black boxes.
Warning: Equate pins:  cell sg13_lv_nmos is a placeholder, treated as a black box.
Warning: Equate pins:  cell sg13_lv_nmos is a placeholder, treated as a black box.

Subcircuit pins:
Circuit 1: sg13_lv_nmos                    |Circuit 2: sg13_lv_nmos                    
-------------------------------------------|-------------------------------------------
1                                          |1                                          
2                                          |2                                          
3                                          |3                                          
4                                          |4                                          
---------------------------------------------------------------------------------------
Cell pin lists are equivalent.
Device classes sg13_lv_nmos and sg13_lv_nmos are equivalent.

Circuit 1 cell sg13_lv_pmos and Circuit 2 cell sg13_lv_pmos are black boxes.
Warning: Equate pins:  cell sg13_lv_pmos is a placeholder, treated as a black box.
Warning: Equate pins:  cell sg13_lv_pmos is a placeholder, treated as a black box.

Subcircuit pins:
Circuit 1: sg13_lv_pmos                    |Circuit 2: sg13_lv_pmos                    
-------------------------------------------|-------------------------------------------
1                                          |1                                          
2                                          |2                                          
3                                          |3                                          
4                                          |4                                          
---------------------------------------------------------------------------------------
Cell pin lists are equivalent.
Device classes sg13_lv_pmos and sg13_lv_pmos are equivalent.

Class dramcell_c (0):  Merged 2 parallel devices.
Subcircuit summary:
Circuit 1: dramcell_c                      |Circuit 2: dramcell_c                      
-------------------------------------------|-------------------------------------------
sg13_lv_nmos (9->7)                        |sg13_lv_nmos (7)                           
sg13_lv_pmos (5)                           |sg13_lv_pmos (5)                           
Number of devices: 12                      |Number of devices: 12                      
Number of nets: 12                         |Number of nets: 12                         
---------------------------------------------------------------------------------------
Netlists match uniquely with property errors.
sg13_lv_pmos:1 vs. sg13_lv_pmos:M2:
Property mm_ok in circuit2 has no matching property in circuit1
sg13_lv_pmos:1 vs. sg13_lv_pmos:M2:
Property mm_ok in circuit2 has no matching property in circuit1
sg13_lv_pmos:3 vs. sg13_lv_pmos:M1:
Property mm_ok in circuit2 has no matching property in circuit1
sg13_lv_pmos:3 vs. sg13_lv_pmos:M1:
Property mm_ok in circuit2 has no matching property in circuit1
sg13_lv_pmos:12 vs. sg13_lv_pmos:M3:
Property mm_ok in circuit2 has no matching property in circuit1
sg13_lv_pmos:12 vs. sg13_lv_pmos:M3:
Property mm_ok in circuit2 has no matching property in circuit1
sg13_lv_pmos:13 vs. sg13_lv_pmos:M9:
Property mm_ok in circuit2 has no matching property in circuit1
sg13_lv_pmos:13 vs. sg13_lv_pmos:M9:
Property mm_ok in circuit2 has no matching property in circuit1
sg13_lv_pmos:11 vs. sg13_lv_pmos:M11:
Property mm_ok in circuit2 has no matching property in circuit1
sg13_lv_pmos:11 vs. sg13_lv_pmos:M11:
Property mm_ok in circuit2 has no matching property in circuit1
sg13_lv_nmos:0 vs. sg13_lv_nmos:M4:
Property mm_ok in circuit2 has no matching property in circuit1
sg13_lv_nmos:0 vs. sg13_lv_nmos:M4:
Property mm_ok in circuit2 has no matching property in circuit1
sg13_lv_nmos:4 vs. sg13_lv_nmos:M5:
Property mm_ok in circuit2 has no matching property in circuit1
sg13_lv_nmos:4 vs. sg13_lv_nmos:M5:
Property mm_ok in circuit2 has no matching property in circuit1
sg13_lv_nmos:5 vs. sg13_lv_nmos:M6:
Property mm_ok in circuit2 has no matching property in circuit1
sg13_lv_nmos:2 vs. sg13_lv_nmos:M7:
Property mm_ok in circuit2 has no matching property in circuit1
sg13_lv_nmos:2 vs. sg13_lv_nmos:M7:
Property mm_ok in circuit2 has no matching property in circuit1
sg13_lv_nmos:10 vs. sg13_lv_nmos:M8:
Property mm_ok in circuit2 has no matching property in circuit1
sg13_lv_nmos:10 vs. sg13_lv_nmos:M8:
Property mm_ok in circuit2 has no matching property in circuit1
sg13_lv_nmos:9 vs. sg13_lv_nmos:M10:
Property mm_ok in circuit2 has no matching property in circuit1
sg13_lv_nmos:9 vs. sg13_lv_nmos:M10:
Property mm_ok in circuit2 has no matching property in circuit1
sg13_lv_nmos:7 vs. sg13_lv_nmos:M12:
Property mm_ok in circuit2 has no matching property in circuit1
sg13_lv_nmos:7 vs. sg13_lv_nmos:M12:
Property mm_ok in circuit2 has no matching property in circuit1

Subcircuit pins:
Circuit 1: dramcell_c                      |Circuit 2: dramcell_c                      
-------------------------------------------|-------------------------------------------
VPWR                                       |VPWR                                       
RBL                                        |RBL                                        
VGND                                       |VGND                                       
RWL                                        |RWL                                        
WWL                                        |WWL                                        
PreCh                                      |PreCh                                      
NodeC                                      |NodeC                                      
WBL                                        |WBL                                        
---------------------------------------------------------------------------------------
Cell pin lists are equivalent.
Device classes dramcell_c and dramcell_c are equivalent.

Final result: Circuits match uniquely.
Property errors were found.

The following cells had property errors:
 dramcell_c
