
Circuit 1 cell sg13_lv_nmos and Circuit 2 cell sg13_lv_nmos are black boxes.
Warning: Equate pins:  cell sg13_lv_nmos is a placeholder, treated as a black box.
Warning: Equate pins:  cell sg13_lv_nmos is a placeholder, treated as a black box.

Subcircuit pins:
Circuit 1: sg13_lv_nmos                    |Circuit 2: sg13_lv_nmos                    
-------------------------------------------|-------------------------------------------
1                                          |1                                          
2                                          |2                                          
3                                          |3                                          
4                                          |4                                          
---------------------------------------------------------------------------------------
Cell pin lists are equivalent.
Device classes sg13_lv_nmos and sg13_lv_nmos are equivalent.

Class dramcell_2_0 (0):  Merged 2 parallel devices.
Subcircuit summary:
Circuit 1: dramcell_2_0                    |Circuit 2: dramcell_2_0                    
-------------------------------------------|-------------------------------------------
sg13_lv_nmos (5->3)                        |sg13_lv_nmos (3)                           
Number of devices: 3                       |Number of devices: 3                       
Number of nets: 7                          |Number of nets: 7                          
---------------------------------------------------------------------------------------
Netlists match uniquely with port and property errors.
sg13_lv_nmos:0 vs. sg13_lv_nmos:M5:
Property mm_ok in circuit2 has no matching property in circuit1
sg13_lv_nmos:0 vs. sg13_lv_nmos:M5:
Property mm_ok in circuit2 has no matching property in circuit1
sg13_lv_nmos:2 vs. sg13_lv_nmos:M6:
Property mm_ok in circuit2 has no matching property in circuit1
  Parallelized instances disagree on pin connections.
    Circuit1 instance sg13_lv_nmos:1 pin WBL connections are no connects (1)
    Circuit2 instance sg13_lv_nmos:M4 pin WBL connections are tied together (0)
sg13_lv_nmos:1 vs. sg13_lv_nmos:M4:
Property mm_ok in circuit2 has no matching property in circuit1
sg13_lv_nmos:1 vs. sg13_lv_nmos:M4:
Property mm_ok in circuit2 has no matching property in circuit1

Subcircuit pins:
Circuit 1: dramcell_2_0                    |Circuit 2: dramcell_2_0                    
-------------------------------------------|-------------------------------------------
RBL                                        |RBL                                        
WWL                                        |WWL                                        
VGND                                       |VGND                                       
NodeC                                      |NodeC                                      
(no pin, node is WBL)                      |WBL                                        
(no pin, node is RWL)                      |RWL                                        
---------------------------------------------------------------------------------------
Cell pin lists for dramcell_2_0 and dramcell_2_0 altered to match.
Device classes dramcell_2_0 and dramcell_2_0 are equivalent.

Final result: Top level cell failed pin matching.

The following cells had property errors:
 dramcell_2_0
